[INFO] Scanning for projects...
[INFO] 
[INFO] ------------------------< com.example:Backend >-------------------------
[INFO] Building  0.0.1-SNAPSHOT
[INFO]   from pom.xml
[INFO] --------------------------------[ jar ]---------------------------------
[INFO] 
[INFO] --- clean:3.5.0:clean (default-clean) @ Backend ---
[INFO] Deleting D:\Bus_Booking\Backend\target
[INFO] 
[INFO] --- resources:3.3.1:resources (default-resources) @ Backend ---
[INFO] Copying 1 resource from src\main\resources to target\classes
[INFO] Copying 0 resource from src\main\resources to target\classes
[INFO] 
[INFO] --- compiler:3.14.1:compile (default-compile) @ Backend ---
[INFO] Recompiling the module because of changed source code.
[INFO] Compiling 24 source files with javac [debug parameters release 17] to target\classes
[INFO] -------------------------------------------------------------
[ERROR] COMPILATION ERROR : 
[INFO] -------------------------------------------------------------
[ERROR] /D:/Bus_Booking/Backend/src/main/java/security/JwtUtil.java:[3,23] package io.jsonwebtoken does not exist
[ERROR] /D:/Bus_Booking/Backend/src/main/java/security/JwtUtil.java:[4,23] package io.jsonwebtoken does not exist
[ERROR] /D:/Bus_Booking/Backend/src/main/java/security/JwtUtil.java:[5,23] package io.jsonwebtoken does not exist
[ERROR] /D:/Bus_Booking/Backend/src/main/java/security/JwtUtil.java:[6,32] package io.jsonwebtoken.security does not exist
[ERROR] /D:/Bus_Booking/Backend/src/main/java/security/JwtUtil.java:[39,13] cannot find symbol
  symbol:   class Claims
  location: class security.JwtUtil
[INFO] 5 errors 
[INFO] -------------------------------------------------------------
[INFO] ------------------------------------------------------------------------
[INFO] BUILD FAILURE
[INFO] ------------------------------------------------------------------------
[INFO] Total time:  6.253 s
[INFO] Finished at: 2026-04-01T11:37:14+05:30
[INFO] ------------------------------------------------------------------------
[ERROR] Failed to execute goal org.apache.maven.plugins:maven-compiler-plugin:3.14.1:compile (default-compile) on project Backend: Compilation failure: Compilation failure: 
[ERROR] /D:/Bus_Booking/Backend/src/main/java/security/JwtUtil.java:[3,23] package io.jsonwebtoken does not exist
[ERROR] /D:/Bus_Booking/Backend/src/main/java/security/JwtUtil.java:[4,23] package io.jsonwebtoken does not exist
[ERROR] /D:/Bus_Booking/Backend/src/main/java/security/JwtUtil.java:[5,23] package io.jsonwebtoken does not exist
[ERROR] /D:/Bus_Booking/Backend/src/main/java/security/JwtUtil.java:[6,32] package io.jsonwebtoken.security does not exist
[ERROR] /D:/Bus_Booking/Backend/src/main/java/security/JwtUtil.java:[39,13] cannot find symbol
[ERROR]   symbol:   class Claims
[ERROR]   location: class security.JwtUtil
[ERROR] -> [Help 1]
[ERROR] 
[ERROR] To see the full stack trace of the errors, re-run Maven with the -e switch.
[ERROR] Re-run Maven using the -X switch to enable full debug logging.
[ERROR] 
[ERROR] For more information about the errors and possible solutions, please read the following articles:
[ERROR] [Help 1] http://cwiki.apache.org/confluence/display/MAVEN/MojoFailureException
