[INFO] Error stacktraces are turned on.
[INFO] Scanning for projects...
[INFO] 
[INFO] ------------------------< com.example:Backend >-------------------------
[INFO] Building  0.0.1-SNAPSHOT
[INFO]   from pom.xml
[INFO] --------------------------------[ jar ]---------------------------------
[INFO] 
[INFO] --- clean:3.5.0:clean (default-clean) @ Backend ---
[INFO] Deleting D:\Bus_Booking\Backend\target
[INFO] 
[INFO] --- resources:3.3.1:resources (default-resources) @ Backend ---
[INFO] Copying 1 resource from src\main\resources to target\classes
[INFO] Copying 0 resource from src\main\resources to target\classes
[INFO] 
[INFO] --- compiler:3.14.1:compile (default-compile) @ Backend ---
[INFO] Recompiling the module because of changed source code.
[INFO] Compiling 44 source files with javac [debug parameters release 17] to target\classes
WARNING: A terminally deprecated method in sun.misc.Unsafe has been called
WARNING: sun.misc.Unsafe::objectFieldOffset has been called by lombok.permit.Permit
WARNING: Please consider reporting this to the maintainers of class lombok.permit.Permit
WARNING: sun.misc.Unsafe::objectFieldOffset will be removed in a future release
[INFO] -------------------------------------------------------------
[ERROR] COMPILATION ERROR : 
[INFO] -------------------------------------------------------------
[ERROR] /D:/Bus_Booking/Backend/src/main/java/com/example/Backend/service/BookingService.java:[6,33] cannot find symbol
  symbol:   class User
  location: package com.example.Backend.model
[ERROR] /D:/Bus_Booking/Backend/src/main/java/com/example/Backend/service/BookingService.java:[9,38] cannot find symbol
  symbol:   class UserRepository
  location: package com.example.Backend.repository
[ERROR] /D:/Bus_Booking/Backend/src/main/java/com/example/Backend/service/BookingService.java:[32,19] cannot find symbol
  symbol:   class UserRepository
  location: class com.example.Backend.service.BookingService
[ERROR] /D:/Bus_Booking/Backend/src/main/java/com/example/Backend/service/BookingService.java:[92,64] cannot find symbol
  symbol:   class User
  location: class com.example.Backend.service.BookingService
[ERROR] /D:/Bus_Booking/Backend/src/main/java/com/example/Backend/service/BookingService.java:[26,1] cannot find symbol
  symbol:   class UserRepository
  location: class com.example.Backend.service.BookingService
[ERROR] /D:/Bus_Booking/Backend/src/main/java/com/example/Backend/model/SeatStatus.java:[34,13] cannot find symbol
  symbol:   class User
  location: class com.example.Backend.model.SeatStatus
[ERROR] /D:/Bus_Booking/Backend/src/main/java/com/example/Backend/model/SeatStatus.java:[34,18] cannot find symbol
  symbol:   class User
  location: class com.example.Backend.model.SeatStatus
[ERROR] /D:/Bus_Booking/Backend/src/main/java/com/example/Backend/model/SeatStatus.java:[12,1] cannot find symbol
  symbol:   class User
  location: class com.example.Backend.model.SeatStatus
[ERROR] /D:/Bus_Booking/Backend/src/main/java/com/example/Backend/model/SeatStatus.java:[14,1] cannot find symbol
  symbol:   class User
  location: class com.example.Backend.model.SeatStatus
[ERROR] /D:/Bus_Booking/Backend/src/main/java/com/example/Backend/model/SeatStatus.java:[15,1] cannot find symbol
  symbol:   class User
  location: class com.example.Backend.model.SeatStatus.SeatStatusBuilder
[ERROR] /D:/Bus_Booking/Backend/src/main/java/com/example/Backend/model/Trip.java:[22,13] cannot find symbol
  symbol:   class Route
  location: class com.example.Backend.model.Trip
[ERROR] /D:/Bus_Booking/Backend/src/main/java/com/example/Backend/model/Trip.java:[26,13] cannot find symbol
  symbol:   class Bus
  location: class com.example.Backend.model.Trip
[ERROR] /D:/Bus_Booking/Backend/src/main/java/com/example/Backend/model/Trip.java:[30,13] cannot find symbol
  symbol:   class Driver
  location: class com.example.Backend.model.Trip
[ERROR] /D:/Bus_Booking/Backend/src/main/java/com/example/Backend/model/Trip.java:[22,19] cannot find symbol
  symbol:   class Route
  location: class com.example.Backend.model.Trip
[ERROR] /D:/Bus_Booking/Backend/src/main/java/com/example/Backend/model/Trip.java:[26,17] cannot find symbol
  symbol:   class Bus
  location: class com.example.Backend.model.Trip
[ERROR] /D:/Bus_Booking/Backend/src/main/java/com/example/Backend/model/Trip.java:[30,20] cannot find symbol
  symbol:   class Driver
  location: class com.example.Backend.model.Trip
[ERROR] /D:/Bus_Booking/Backend/src/main/java/com/example/Backend/model/Trip.java:[10,1] cannot find symbol
  symbol:   class Route
  location: class com.example.Backend.model.Trip
[ERROR] /D:/Bus_Booking/Backend/src/main/java/com/example/Backend/model/Trip.java:[12,1] cannot find symbol
  symbol:   class Route
  location: class com.example.Backend.model.Trip
[ERROR] /D:/Bus_Booking/Backend/src/main/java/com/example/Backend/model/Trip.java:[13,1] cannot find symbol
  symbol:   class Route
  location: class com.example.Backend.model.Trip.TripBuilder
[ERROR] /D:/Bus_Booking/Backend/src/main/java/com/example/Backend/model/Booking.java:[23,13] cannot find symbol
  symbol:   class User
  location: class com.example.Backend.model.Booking
[ERROR] /D:/Bus_Booking/Backend/src/main/java/com/example/Backend/model/Booking.java:[23,18] cannot find symbol
  symbol:   class User
  location: class com.example.Backend.model.Booking
[ERROR] /D:/Bus_Booking/Backend/src/main/java/com/example/Backend/model/Booking.java:[11,1] cannot find symbol
  symbol:   class User
  location: class com.example.Backend.model.Booking
[ERROR] /D:/Bus_Booking/Backend/src/main/java/com/example/Backend/model/Booking.java:[13,1] cannot find symbol
  symbol:   class User
  location: class com.example.Backend.model.Booking
[ERROR] /D:/Bus_Booking/Backend/src/main/java/com/example/Backend/model/Booking.java:[14,1] cannot find symbol
  symbol:   class User
  location: class com.example.Backend.model.Booking.BookingBuilder
[ERROR] /D:/Bus_Booking/Backend/src/main/java/com/example/Backend/service/DriverService.java:[4,34] package com.example.Backend.entity does not exist
[ERROR] /D:/Bus_Booking/Backend/src/main/java/com/example/Backend/service/DriverService.java:[5,34] package com.example.Backend.entity does not exist
[ERROR] /D:/Bus_Booking/Backend/src/main/java/com/example/Backend/service/SeatLockService.java:[4,33] cannot find symbol
  symbol:   class User
  location: package com.example.Backend.model
[ERROR] /D:/Bus_Booking/Backend/src/main/java/com/example/Backend/service/SeatLockService.java:[6,38] cannot find symbol
  symbol:   class UserRepository
  location: package com.example.Backend.repository
[ERROR] /D:/Bus_Booking/Backend/src/main/java/com/example/Backend/service/SeatLockService.java:[26,19] cannot find symbol
  symbol:   class UserRepository
  location: class com.example.Backend.service.SeatLockService
[ERROR] /D:/Bus_Booking/Backend/src/main/java/com/example/Backend/service/SeatLockService.java:[21,1] cannot find symbol
  symbol:   class UserRepository
  location: class com.example.Backend.service.SeatLockService
[INFO] 30 errors 
[INFO] -------------------------------------------------------------
[INFO] ------------------------------------------------------------------------
[INFO] BUILD FAILURE
[INFO] ------------------------------------------------------------------------
[INFO] Total time:  2.719 s
[INFO] Finished at: 2026-04-01T11:59:10+05:30
[INFO] ------------------------------------------------------------------------
[ERROR] Failed to execute goal org.apache.maven.plugins:maven-compiler-plugin:3.14.1:compile (default-compile) on project Backend: Compilation failure: Compilation failure: 
[ERROR] /D:/Bus_Booking/Backend/src/main/java/com/example/Backend/service/BookingService.java:[6,33] cannot find symbol
[ERROR]   symbol:   class User
[ERROR]   location: package com.example.Backend.model
[ERROR] /D:/Bus_Booking/Backend/src/main/java/com/example/Backend/service/BookingService.java:[9,38] cannot find symbol
[ERROR]   symbol:   class UserRepository
[ERROR]   location: package com.example.Backend.repository
[ERROR] /D:/Bus_Booking/Backend/src/main/java/com/example/Backend/service/BookingService.java:[32,19] cannot find symbol
[ERROR]   symbol:   class UserRepository
[ERROR]   location: class com.example.Backend.service.BookingService
[ERROR] /D:/Bus_Booking/Backend/src/main/java/com/example/Backend/service/BookingService.java:[92,64] cannot find symbol
[ERROR]   symbol:   class User
[ERROR]   location: class com.example.Backend.service.BookingService
[ERROR] /D:/Bus_Booking/Backend/src/main/java/com/example/Backend/service/BookingService.java:[26,1] cannot find symbol
[ERROR]   symbol:   class UserRepository
[ERROR]   location: class com.example.Backend.service.BookingService
[ERROR] /D:/Bus_Booking/Backend/src/main/java/com/example/Backend/model/SeatStatus.java:[34,13] cannot find symbol
[ERROR]   symbol:   class User
[ERROR]   location: class com.example.Backend.model.SeatStatus
[ERROR] /D:/Bus_Booking/Backend/src/main/java/com/example/Backend/model/SeatStatus.java:[34,18] cannot find symbol
[ERROR]   symbol:   class User
[ERROR]   location: class com.example.Backend.model.SeatStatus
[ERROR] /D:/Bus_Booking/Backend/src/main/java/com/example/Backend/model/SeatStatus.java:[12,1] cannot find symbol
[ERROR]   symbol:   class User
[ERROR]   location: class com.example.Backend.model.SeatStatus
[ERROR] /D:/Bus_Booking/Backend/src/main/java/com/example/Backend/model/SeatStatus.java:[14,1] cannot find symbol
[ERROR]   symbol:   class User
[ERROR]   location: class com.example.Backend.model.SeatStatus
[ERROR] /D:/Bus_Booking/Backend/src/main/java/com/example/Backend/model/SeatStatus.java:[15,1] cannot find symbol
[ERROR]   symbol:   class User
[ERROR]   location: class com.example.Backend.model.SeatStatus.SeatStatusBuilder
[ERROR] /D:/Bus_Booking/Backend/src/main/java/com/example/Backend/model/Trip.java:[22,13] cannot find symbol
[ERROR]   symbol:   class Route
[ERROR]   location: class com.example.Backend.model.Trip
[ERROR] /D:/Bus_Booking/Backend/src/main/java/com/example/Backend/model/Trip.java:[26,13] cannot find symbol
[ERROR]   symbol:   class Bus
[ERROR]   location: class com.example.Backend.model.Trip
[ERROR] /D:/Bus_Booking/Backend/src/main/java/com/example/Backend/model/Trip.java:[30,13] cannot find symbol
[ERROR]   symbol:   class Driver
[ERROR]   location: class com.example.Backend.model.Trip
[ERROR] /D:/Bus_Booking/Backend/src/main/java/com/example/Backend/model/Trip.java:[22,19] cannot find symbol
[ERROR]   symbol:   class Route
[ERROR]   location: class com.example.Backend.model.Trip
[ERROR] /D:/Bus_Booking/Backend/src/main/java/com/example/Backend/model/Trip.java:[26,17] cannot find symbol
[ERROR]   symbol:   class Bus
[ERROR]   location: class com.example.Backend.model.Trip
[ERROR] /D:/Bus_Booking/Backend/src/main/java/com/example/Backend/model/Trip.java:[30,20] cannot find symbol
[ERROR]   symbol:   class Driver
[ERROR]   location: class com.example.Backend.model.Trip
[ERROR] /D:/Bus_Booking/Backend/src/main/java/com/example/Backend/model/Trip.java:[10,1] cannot find symbol
[ERROR]   symbol:   class Route
[ERROR]   location: class com.example.Backend.model.Trip
[ERROR] /D:/Bus_Booking/Backend/src/main/java/com/example/Backend/model/Trip.java:[12,1] cannot find symbol
[ERROR]   symbol:   class Route
[ERROR]   location: class com.example.Backend.model.Trip
[ERROR] /D:/Bus_Booking/Backend/src/main/java/com/example/Backend/model/Trip.java:[13,1] cannot find symbol
[ERROR]   symbol:   class Route
[ERROR]   location: class com.example.Backend.model.Trip.TripBuilder
[ERROR] /D:/Bus_Booking/Backend/src/main/java/com/example/Backend/model/Booking.java:[23,13] cannot find symbol
[ERROR]   symbol:   class User
[ERROR]   location: class com.example.Backend.model.Booking
[ERROR] /D:/Bus_Booking/Backend/src/main/java/com/example/Backend/model/Booking.java:[23,18] cannot find symbol
[ERROR]   symbol:   class User
[ERROR]   location: class com.example.Backend.model.Booking
[ERROR] /D:/Bus_Booking/Backend/src/main/java/com/example/Backend/model/Booking.java:[11,1] cannot find symbol
[ERROR]   symbol:   class User
[ERROR]   location: class com.example.Backend.model.Booking
[ERROR] /D:/Bus_Booking/Backend/src/main/java/com/example/Backend/model/Booking.java:[13,1] cannot find symbol
[ERROR]   symbol:   class User
[ERROR]   location: class com.example.Backend.model.Booking
[ERROR] /D:/Bus_Booking/Backend/src/main/java/com/example/Backend/model/Booking.java:[14,1] cannot find symbol
[ERROR]   symbol:   class User
[ERROR]   location: class com.example.Backend.model.Booking.BookingBuilder
[ERROR] /D:/Bus_Booking/Backend/src/main/java/com/example/Backend/service/DriverService.java:[4,34] package com.example.Backend.entity does not exist
[ERROR] /D:/Bus_Booking/Backend/src/main/java/com/example/Backend/service/DriverService.java:[5,34] package com.example.Backend.entity does not exist
[ERROR] /D:/Bus_Booking/Backend/src/main/java/com/example/Backend/service/SeatLockService.java:[4,33] cannot find symbol
[ERROR]   symbol:   class User
[ERROR]   location: package com.example.Backend.model
[ERROR] /D:/Bus_Booking/Backend/src/main/java/com/example/Backend/service/SeatLockService.java:[6,38] cannot find symbol
[ERROR]   symbol:   class UserRepository
[ERROR]   location: package com.example.Backend.repository
[ERROR] /D:/Bus_Booking/Backend/src/main/java/com/example/Backend/service/SeatLockService.java:[26,19] cannot find symbol
[ERROR]   symbol:   class UserRepository
[ERROR]   location: class com.example.Backend.service.SeatLockService
[ERROR] /D:/Bus_Booking/Backend/src/main/java/com/example/Backend/service/SeatLockService.java:[21,1] cannot find symbol
[ERROR]   symbol:   class UserRepository
[ERROR]   location: class com.example.Backend.service.SeatLockService
[ERROR] -> [Help 1]
org.apache.maven.lifecycle.LifecycleExecutionException: Failed to execute goal org.apache.maven.plugins:maven-compiler-plugin:3.14.1:compile (default-compile) on project Backend: Compilation failure
    at org.apache.maven.lifecycle.internal.MojoExecutor.doExecute2 (MojoExecutor.java:333)
    at org.apache.maven.lifecycle.internal.MojoExecutor.doExecute (MojoExecutor.java:316)
    at org.apache.maven.lifecycle.internal.MojoExecutor.execute (MojoExecutor.java:212)
    at org.apache.maven.lifecycle.internal.MojoExecutor.execute (MojoExecutor.java:174)
    at org.apache.maven.lifecycle.internal.MojoExecutor.access$000 (MojoExecutor.java:75)
    at org.apache.maven.lifecycle.internal.MojoExecutor$1.run (MojoExecutor.java:162)
    at org.apache.maven.plugin.DefaultMojosExecutionStrategy.execute (DefaultMojosExecutionStrategy.java:39)
    at org.apache.maven.lifecycle.internal.MojoExecutor.execute (MojoExecutor.java:159)
    at org.apache.maven.lifecycle.internal.LifecycleModuleBuilder.buildProject (LifecycleModuleBuilder.java:105)
    at org.apache.maven.lifecycle.internal.LifecycleModuleBuilder.buildProject (LifecycleModuleBuilder.java:73)
    at org.apache.maven.lifecycle.internal.builder.singlethreaded.SingleThreadedBuilder.build (SingleThreadedBuilder.java:53)
    at org.apache.maven.lifecycle.internal.LifecycleStarter.execute (LifecycleStarter.java:118)
    at org.apache.maven.DefaultMaven.doExecute (DefaultMaven.java:261)
    at org.apache.maven.DefaultMaven.doExecute (DefaultMaven.java:173)
    at org.apache.maven.DefaultMaven.execute (DefaultMaven.java:101)
    at org.apache.maven.cli.MavenCli.execute (MavenCli.java:919)
    at org.apache.maven.cli.MavenCli.doMain (MavenCli.java:285)
    at org.apache.maven.cli.MavenCli.main (MavenCli.java:207)
    at jdk.internal.reflect.DirectMethodHandleAccessor.invoke (DirectMethodHandleAccessor.java:104)
    at java.lang.reflect.Method.invoke (Method.java:565)
    at org.codehaus.plexus.classworlds.launcher.Launcher.launchEnhanced (Launcher.java:255)
    at org.codehaus.plexus.classworlds.launcher.Launcher.launch (Launcher.java:201)
    at org.codehaus.plexus.classworlds.launcher.Launcher.mainWithExitCode (Launcher.java:361)
    at org.codehaus.plexus.classworlds.launcher.Launcher.main (Launcher.java:314)
Caused by: org.apache.maven.plugin.compiler.CompilationFailureException: Compilation failure
    at org.apache.maven.plugin.compiler.AbstractCompilerMojo.executeReal (AbstractCompilerMojo.java:1318)
    at org.apache.maven.plugin.compiler.AbstractCompilerMojo.execute (AbstractCompilerMojo.java:708)
    at org.apache.maven.plugin.compiler.CompilerMojo.execute (CompilerMojo.java:235)
    at org.apache.maven.plugin.DefaultBuildPluginManager.executeMojo (DefaultBuildPluginManager.java:126)
    at org.apache.maven.lifecycle.internal.MojoExecutor.doExecute2 (MojoExecutor.java:328)
    at org.apache.maven.lifecycle.internal.MojoExecutor.doExecute (MojoExecutor.java:316)
    at org.apache.maven.lifecycle.internal.MojoExecutor.execute (MojoExecutor.java:212)
    at org.apache.maven.lifecycle.internal.MojoExecutor.execute (MojoExecutor.java:174)
    at org.apache.maven.lifecycle.internal.MojoExecutor.access$000 (MojoExecutor.java:75)
    at org.apache.maven.lifecycle.internal.MojoExecutor$1.run (MojoExecutor.java:162)
    at org.apache.maven.plugin.DefaultMojosExecutionStrategy.execute (DefaultMojosExecutionStrategy.java:39)
    at org.apache.maven.lifecycle.internal.MojoExecutor.execute (MojoExecutor.java:159)
    at org.apache.maven.lifecycle.internal.LifecycleModuleBuilder.buildProject (LifecycleModuleBuilder.java:105)
    at org.apache.maven.lifecycle.internal.LifecycleModuleBuilder.buildProject (LifecycleModuleBuilder.java:73)
    at org.apache.maven.lifecycle.internal.builder.singlethreaded.SingleThreadedBuilder.build (SingleThreadedBuilder.java:53)
    at org.apache.maven.lifecycle.internal.LifecycleStarter.execute (LifecycleStarter.java:118)
    at org.apache.maven.DefaultMaven.doExecute (DefaultMaven.java:261)
    at org.apache.maven.DefaultMaven.doExecute (DefaultMaven.java:173)
    at org.apache.maven.DefaultMaven.execute (DefaultMaven.java:101)
    at org.apache.maven.cli.MavenCli.execute (MavenCli.java:919)
    at org.apache.maven.cli.MavenCli.doMain (MavenCli.java:285)
    at org.apache.maven.cli.MavenCli.main (MavenCli.java:207)
    at jdk.internal.reflect.DirectMethodHandleAccessor.invoke (DirectMethodHandleAccessor.java:104)
    at java.lang.reflect.Method.invoke (Method.java:565)
    at org.codehaus.plexus.classworlds.launcher.Launcher.launchEnhanced (Launcher.java:255)
    at org.codehaus.plexus.classworlds.launcher.Launcher.launch (Launcher.java:201)
    at org.codehaus.plexus.classworlds.launcher.Launcher.mainWithExitCode (Launcher.java:361)
    at org.codehaus.plexus.classworlds.launcher.Launcher.main (Launcher.java:314)
[ERROR] 
[ERROR] Re-run Maven using the -X switch to enable full debug logging.
[ERROR] 
[ERROR] For more information about the errors and possible solutions, please read the following articles:
[ERROR] [Help 1] http://cwiki.apache.org/confluence/display/MAVEN/MojoFailureException
